800 | Pre-Init Time-stamp   | Entity Presence ps1.prsnt | Device Absent900 | Pre-Init Time-stamp | Phys Security sys.intsw | Gen Chassis intrusiona00 | Pre-Init Time-stamp   | Entity Presence ps0.prsnt | Device Present
