2 |/SYS/SLOTID | 0x02 | ok
3 |HOSTPOWER | 0x02 | ok
4 |CMM/PRSNT | 0x02 | ok
5 |PEM/PRSNT | 0x02 | ok
