100 | Pre-Init Time-stamp | Entity Presence #0x16 | Device Absent200 | Pre-Init Time-stamp | Entity Presence #0x26 | Device Present300 | Pre-Init Time-stamp | Entity Presence #0x25 | Device Absent400 | Pre-Init Time-stamp | Phys Security  #0x01   | Gen Chassis intrusion500 | Pre-Init Time-stamp | Entity Presence  #0x12    | Device Present
