Ambient Temp     | 22 degrees C      | ok
AVG Power        | 300 Watts         | ok
Fan 1 Tach       | 4125 RPM          | ok
Fan 2 Tach       | 4425 RPM          | ok
Fan 3 Tach       | 4500 RPM          | ok
Fan 4 Tach       | 4725 RPM          | ok
