Clearing SEL. Please allow a few seconds to erase.
