SEL Information
Version          : 1.5 (v1.5, v2 compliant)
Entries          : 0
Free Space       : 16000 bytes
Percent Used     : 0%
Last Add Time    : Not Available
Last Del Time    : Not Available
Overflow         : false
Supported Cmds   : 'Delete' 'Reserve'
