SDRR successfully erased
Err in cmd get sensor sdr info
Get SDR 0000 command failed: Requested sensor, data, or record not found
Get SDR 0000 command failed: Requested sensor, data, or record not found
Get SDR 0000 command failed: Requested sensor, data, or record not found
Get SDR 0000 command failed: Requested sensor, data, or record not found
Get SDR 0000 command failed: Requested sensor, data, or record not found
