1 | Pre-Init Time-stamp   | Power Supply VRM Status | Presence detected | Asserted
2 | Pre-Init Time-stamp   | Power Supply VRM Status | Presence detected | Asserted
3 | Pre-Init Time-stamp   | Power Unit Sys pwr monitor | Power off/down | Deasserted
